<html>
<body>
<pre>
<h1>µVision Build Log</h1>
<h2>Project:</h2>
C:\ARM Projects\countingNumberOfCharactersinaString\countingNumberOfCharactersinaString.uvproj
Project File Date:  06/12/2020

<h2>Output:</h2>
Build target 'Target 1'
assembling countingNumberOfCharactersinaString.s...
countingNumberOfCharactersinaString.s(1): error: A1767E: Unexpected characters following attribute
Target not created
Build target 'Target 1'
assembling countingNumberOfCharactersinaString.s...
linking...
Program Size: Code=28 RO-data=8 RW-data=0 ZI-data=0  
"countingNumberOfCharactersinaString.axf" - 0 Error(s), 0 Warning(s).
Build target 'Target 1'
assembling countingNumberOfCharactersinaString.s...
linking...
Program Size: Code=32 RO-data=8 RW-data=0 ZI-data=0  
"countingNumberOfCharactersinaString.axf" - 0 Error(s), 0 Warning(s).
Build target 'Target 1'
assembling countingNumberOfCharactersinaString.s...
linking...
Program Size: Code=32 RO-data=8 RW-data=0 ZI-data=0  
"countingNumberOfCharactersinaString.axf" - 0 Error(s), 0 Warning(s).
Build target 'Target 1'
assembling countingNumberOfCharactersinaString.s...
linking...
Program Size: Code=32 RO-data=12 RW-data=0 ZI-data=0  
"countingNumberOfCharactersinaString.axf" - 0 Error(s), 0 Warning(s).
Build target 'Target 1'
assembling countingNumberOfCharactersinaString.s...
linking...
Program Size: Code=32 RO-data=4 RW-data=0 ZI-data=0  
"countingNumberOfCharactersinaString.axf" - 0 Error(s), 0 Warning(s).
Build target 'Target 1'
assembling countingNumberOfCharactersinaString.s...
linking...
Program Size: Code=32 RO-data=8 RW-data=0 ZI-data=0  
"countingNumberOfCharactersinaString.axf" - 0 Error(s), 0 Warning(s).
