<html>
<body>
<pre>
<h1>µVision Build Log</h1>
<h2>Project:</h2>
C:\ARM Projects\countingNumberOfNegative\countingNumberOfNegative.uvproj
Project File Date:  06/11/2020

<h2>Output:</h2>
Build target 'Target 1'
assembling countingNumberOfNegative.s...
countingNumberOfNegative.s(2): error: A1108E: Multiply defined symbol 'data'
countingNumberOfNegative.s(3): error: A1163E: Unknown opcode dbd , expecting opcode or Macro
countingNumberOfNegative.s(21): warning: A1447W: Missing END directive at end of file, but found a label named END
Target not created
Build target 'Target 1'
assembling countingNumberOfNegative.s...
countingNumberOfNegative.s(2): error: A1108E: Multiply defined symbol 'data'
countingNumberOfNegative.s(3): error: A1163E: Unknown opcode dbd , expecting opcode or Macro
Target not created
Build target 'Target 1'
assembling countingNumberOfNegative.s...
countingNumberOfNegative.s(2): error: A1108E: Multiply defined symbol 'data'
countingNumberOfNegative.s(3): error: A1163E: Unknown opcode dbd , expecting opcode or Macro
Target not created
Build target 'Target 1'
assembling countingNumberOfNegative.s...
countingNumberOfNegative.s(2): error: A1108E: Multiply defined symbol 'data'
Target not created
Build target 'Target 1'
assembling countingNumberOfNegative.s...
countingNumberOfNegative.s(2): error: A1108E: Multiply defined symbol 'data'
Target not created
Build target 'Target 1'
assembling countingNumberOfNegative.s...
linking...
Program Size: Code=48 RO-data=24 RW-data=0 ZI-data=0  
"countingNumberOfNegative.axf" - 0 Error(s), 0 Warning(s).
Build target 'Target 1'
assembling countingNumberOfNegative.s...
linking...
Program Size: Code=48 RO-data=24 RW-data=0 ZI-data=0  
"countingNumberOfNegative.axf" - 0 Error(s), 0 Warning(s).
Build target 'Target 1'
assembling countingNumberOfNegative.s...
linking...
Program Size: Code=60 RO-data=24 RW-data=0 ZI-data=0  
"countingNumberOfNegative.axf" - 0 Error(s), 0 Warning(s).
Build target 'Target 1'
assembling countingNumberOfNegative.s...
linking...
Program Size: Code=60 RO-data=24 RW-data=0 ZI-data=0  
"countingNumberOfNegative.axf" - 0 Error(s), 0 Warning(s).
Build target 'Target 1'
assembling countingNumberOfNegative.s...
linking...
Program Size: Code=60 RO-data=24 RW-data=0 ZI-data=0  
"countingNumberOfNegative.axf" - 0 Error(s), 0 Warning(s).
Build target 'Target 1'
assembling countingNumberOfNegative.s...
linking...
Program Size: Code=60 RO-data=24 RW-data=0 ZI-data=0  
"countingNumberOfNegative.axf" - 0 Error(s), 0 Warning(s).
Build target 'Target 1'
assembling countingNumberOfNegative.s...
countingNumberOfNegative.s(2): error: A1179E: Bad hexadecimal number
Target not created
Build target 'Target 1'
assembling countingNumberOfNegative.s...
linking...
Program Size: Code=60 RO-data=24 RW-data=0 ZI-data=0  
"countingNumberOfNegative.axf" - 0 Error(s), 0 Warning(s).
Build target 'Target 1'
assembling countingNumberOfNegative.s...
linking...
Program Size: Code=60 RO-data=24 RW-data=0 ZI-data=0  
"countingNumberOfNegative.axf" - 0 Error(s), 0 Warning(s).
Build target 'Target 1'
linking...
Program Size: Code=60 RO-data=24 RW-data=0 ZI-data=0  
"countingNumberOfNegative.axf" - 0 Error(s), 0 Warning(s).
Build target 'Target 1'
assembling countingNumberOfNegative.s...
linking...
Program Size: Code=60 RO-data=24 RW-data=0 ZI-data=0  
"countingNumberOfNegative.axf" - 0 Error(s), 0 Warning(s).
