ARM Linker, RVCT4.0 [Build 524] for uVision [Evaluation]

==============================================================================

Section Cross References

    addtwonumbersandstoreinmemory.o(prog) refers to addtwonumbersandstoreinmemory.o(dat) for value1
    addtwonumbersandstoreinmemory.o(prog) refers to addtwonumbersandstoreinmemory.o(dat1) for value2
    addtwonumbersandstoreinmemory.o(prog) refers to addtwonumbersandstoreinmemory.o(dat2) for result


==============================================================================

Image Symbol Table

    Local Symbols

    Symbol Name                              Value     Ov Type        Size  Object(Section)

    prog                                     0x00000000   Section       44  addtwonumbersandstoreinmemory.o(prog)
    addTwoNumbersAndStoreInMemory.s          0x00000000   Number         0  addtwonumbersandstoreinmemory.o ABSOLUTE
    dat                                      0x0000002c   Section        4  addtwonumbersandstoreinmemory.o(dat)
    value1                                   0x0000002c   Data           4  addtwonumbersandstoreinmemory.o(dat)
    dat1                                     0x00000030   Section        4  addtwonumbersandstoreinmemory.o(dat1)
    value2                                   0x00000030   Data           4  addtwonumbersandstoreinmemory.o(dat1)
    dat2                                     0x40000000   Section        4  addtwonumbersandstoreinmemory.o(dat2)
    result                                   0x40000000   Data           4  addtwonumbersandstoreinmemory.o(dat2)

    Global Symbols

    Symbol Name                              Value     Ov Type        Size  Object(Section)

    BuildAttributes$$THM_ISAv1$ARM_ISAv4$S$PE$A:L22$X:L11$S22$IEEE1$IW$USESV6$~STKCKD$USESV7$~SHL$OSPACE$EBA8$STANDARDLIB$PRES8$EABIv2 0x00000000   Number         0  anon$$obj.o ABSOLUTE



==============================================================================

Memory Map of the image

  Image Entry point : 0x00000000

  Load Region LR_1 (Base: 0x00000000, Size: 0x00000038, Max: 0xffffffff, ABSOLUTE)

    Execution Region ER_RO (Base: 0x00000000, Size: 0x00000034, Max: 0xffffffff, ABSOLUTE)

    Base Addr    Size         Type   Attr      Idx    E Section Name        Object

    0x00000000   0x0000002c   Code   RO            4  * prog                addtwonumbersandstoreinmemory.o
    0x0000002c   0x00000004   Data   RO            1    dat                 addtwonumbersandstoreinmemory.o
    0x00000030   0x00000004   Data   RO            2    dat1                addtwonumbersandstoreinmemory.o


    Execution Region ER_RW (Base: 0x40000000, Size: 0x00000004, Max: 0xffffffff, ABSOLUTE)

    Base Addr    Size         Type   Attr      Idx    E Section Name        Object

    0x40000000   0x00000004   Data   RW            3    dat2                addtwonumbersandstoreinmemory.o


    Execution Region ER_ZI (Base: 0x40000004, Size: 0x00000000, Max: 0xffffffff, ABSOLUTE)

    **** No section assigned to this execution region ****


==============================================================================

Image component sizes


      Code (inc. data)   RO Data    RW Data    ZI Data      Debug   Object Name

        44         12          8          4          0        248   addtwonumbersandstoreinmemory.o

    ----------------------------------------------------------------------
        44         12          8          4          0        248   Object Totals
         0          0          0          0          0          0   (incl. Generated)
         0          0          0          0          0          0   (incl. Padding)

    ----------------------------------------------------------------------
         0          0          0          0          0          0   Library Totals
         0          0          0          0          0          0   (incl. Padding)

    ----------------------------------------------------------------------

==============================================================================


      Code (inc. data)   RO Data    RW Data    ZI Data      Debug   

        44         12          8          4          0        248   Grand Totals
        44         12          8          4          0        248   ELF Image Totals
        44         12          8          4          0          0   ROM Totals

==============================================================================

    Total RO  Size (Code + RO Data)                   52 (   0.05kB)
    Total RW  Size (RW Data + ZI Data)                 4 (   0.00kB)
    Total ROM Size (Code + RO Data + RW Data)         56 (   0.05kB)

==============================================================================

