<html>
<body>
<pre>
<h1>µVision Build Log</h1>
<h2>Project:</h2>
C:\ARM Projects\addTwoNumbersAndStoreInMemory\addTwoNumbersAndStoreInMemory.uvproj
Project File Date:  05/08/2020

<h2>Output:</h2>
Build target 'Target 1'
Target has no object modules
Target not created
Build target 'Target 1'
assembling addTwoNumbersAndStoreInMemory.s...
addTwoNumbersAndStoreInMemory.s(12): error: A1190E: Unexpected '['
addTwoNumbersAndStoreInMemory.s(16): warning: A1447W: Missing END directive at end of file, but found a label named END
Target not created
Build target 'Target 1'
assembling addTwoNumbersAndStoreInMemory.s...
addTwoNumbersAndStoreInMemory.s(12): error: A1190E: Unexpected '['
Target not created
Build target 'Target 1'
assembling addTwoNumbersAndStoreInMemory.s...
addTwoNumbersAndStoreInMemory.s(13): error: A1151E: Bad register name symbol
Target not created
Build target 'Target 1'
assembling addTwoNumbersAndStoreInMemory.s...
addTwoNumbersAndStoreInMemory.s(11): error: A1190E: Unexpected '['
addTwoNumbersAndStoreInMemory.s(11): error: A1190E: Unexpected '['
addTwoNumbersAndStoreInMemory.s(13): error: A1151E: Bad register name symbol
Target not created
Build target 'Target 1'
assembling addTwoNumbersAndStoreInMemory.s...
addTwoNumbersAndStoreInMemory.s(12): error: A1190E: Unexpected '['
addTwoNumbersAndStoreInMemory.s(12): error: A1190E: Unexpected '['
addTwoNumbersAndStoreInMemory.s(14): error: A1151E: Bad register name symbol
Target not created
Build target 'Target 1'
assembling addTwoNumbersAndStoreInMemory.s...
addTwoNumbersAndStoreInMemory.s(12): error: A1190E: Unexpected '['
addTwoNumbersAndStoreInMemory.s(12): error: A1190E: Unexpected '['
Target not created
Build target 'Target 1'
assembling addTwoNumbersAndStoreInMemory.s...
linking...
Program Size: Code=36 RO-data=8 RW-data=4 ZI-data=0  
"addTwoNumbersAndStoreInMemory.axf" - 0 Error(s), 0 Warning(s).
Build target 'Target 1'
assembling addTwoNumbersAndStoreInMemory.s...
addTwoNumbersAndStoreInMemory.s(9): error: A1190E: Unexpected '['
addTwoNumbersAndStoreInMemory.s(10): error: A1190E: Unexpected '['
Target not created
Build target 'Target 1'
assembling addTwoNumbersAndStoreInMemory.s...
addTwoNumbersAndStoreInMemory.s(9): error: A1190E: Unexpected '['
addTwoNumbersAndStoreInMemory.s(10): error: A1190E: Unexpected '['
Target not created
Build target 'Target 1'
assembling addTwoNumbersAndStoreInMemory.s...
linking...
Program Size: Code=40 RO-data=8 RW-data=4 ZI-data=0  
"addTwoNumbersAndStoreInMemory.axf" - 0 Error(s), 0 Warning(s).
Build target 'Target 1'
assembling addTwoNumbersAndStoreInMemory.s...
linking...
Program Size: Code=44 RO-data=8 RW-data=4 ZI-data=0  
"addTwoNumbersAndStoreInMemory.axf" - 0 Error(s), 0 Warning(s).
