<html>
<body>
<pre>
<h1>µVision Build Log</h1>
<h2>Project:</h2>
C:\ARM Projects\firstOccurrenceOfABlankSpace\firstOccurrenceOfABlankSpace.uvproj
Project File Date:  06/12/2020

<h2>Output:</h2>
Build target 'Target 1'
assembling firstOccurrenceOfABlankSpace.s...
firstOccurrenceOfABlankSpace.s(8): error: A1163E: Unknown opcode be , expecting opcode or Macro
firstOccurrenceOfABlankSpace.s(9): error: A1150E: Bad symbol, not defined or external
Target not created
Build target 'Target 1'
assembling firstOccurrenceOfABlankSpace.s...
firstOccurrenceOfABlankSpace.s(8): error: A1163E: Unknown opcode bze , expecting opcode or Macro
firstOccurrenceOfABlankSpace.s(9): error: A1150E: Bad symbol, not defined or external
Target not created
Build target 'Target 1'
assembling firstOccurrenceOfABlankSpace.s...
firstOccurrenceOfABlankSpace.s(9): error: A1150E: Bad symbol, not defined or external
Target not created
Build target 'Target 1'
assembling firstOccurrenceOfABlankSpace.s...
linking...
firstOccurrenceOfABlankSpace.axf: Error: L6204E: Entry point (0x00000000) does not point to an instruction.
Target not created
Build target 'Target 1'
assembling firstOccurrenceOfABlankSpace.s...
firstOccurrenceOfABlankSpace.s(12): error: A1114E: Expected register relative expression
Target not created
Build target 'Target 1'
assembling firstOccurrenceOfABlankSpace.s...
linking...
firstOccurrenceOfABlankSpace.axf: Error: L6204E: Entry point (0x00000000) does not point to an instruction.
Target not created
Build target 'Target 1'
assembling firstOccurrenceOfABlankSpace.s...
linking...
firstOccurrenceOfABlankSpace.axf: Error: L6204E: Entry point (0x00000000) does not point to an instruction.
Target not created
Build target 'Target 1'
assembling firstOccurrenceOfABlankSpace.s...
linking...
firstOccurrenceOfABlankSpace.axf: Error: L6204E: Entry point (0x00000000) does not point to an instruction.
Target not created
Build target 'Target 1'
assembling firstOccurrenceOfABlankSpace.s...
linking...
firstOccurrenceOfABlankSpace.axf: Error: L6204E: Entry point (0x00000000) does not point to an instruction.
Target not created
Build target 'Target 1'
assembling firstOccurrenceOfABlankSpace.s...
linking...
Program Size: Code=40 RO-data=8 RW-data=0 ZI-data=0  
"firstOccurrenceOfABlankSpace.axf" - 0 Error(s), 0 Warning(s).
Build target 'Target 1'
assembling firstOccurrenceOfABlankSpace.s...
linking...
Program Size: Code=40 RO-data=8 RW-data=0 ZI-data=0  
"firstOccurrenceOfABlankSpace.axf" - 0 Error(s), 0 Warning(s).
Build target 'Target 1'
assembling firstOccurrenceOfABlankSpace.s...
linking...
Program Size: Code=44 RO-data=8 RW-data=0 ZI-data=0  
"firstOccurrenceOfABlankSpace.axf" - 0 Error(s), 0 Warning(s).
Build target 'Target 1'
assembling firstOccurrenceOfABlankSpace.s...
linking...
Program Size: Code=44 RO-data=8 RW-data=0 ZI-data=0  
"firstOccurrenceOfABlankSpace.axf" - 0 Error(s), 0 Warning(s).
Build target 'Target 1'
assembling firstOccurrenceOfABlankSpace.s...
linking...
Program Size: Code=44 RO-data=8 RW-data=0 ZI-data=0  
"firstOccurrenceOfABlankSpace.axf" - 0 Error(s), 0 Warning(s).
Build target 'Target 1'
assembling firstOccurrenceOfABlankSpace.s...
firstOccurrenceOfABlankSpace.s(16): error: A1108E: Multiply defined symbol 'e'
Target not created
Build target 'Target 1'
assembling firstOccurrenceOfABlankSpace.s...
linking...
Program Size: Code=48 RO-data=8 RW-data=0 ZI-data=0  
"firstOccurrenceOfABlankSpace.axf" - 0 Error(s), 0 Warning(s).
