<html>
<body>
<pre>
<h1>µVision Build Log</h1>
<h2>Project:</h2>
C:\ARM Projects\compareTwoStrings\compareTwoStrings.uvproj
Project File Date:  06/08/2020

<h2>Output:</h2>
Build target 'Target 1'
assembling BL.EN.U4CSE18083.s...
BL.EN.U4CSE18083.s(8): error: A1152E: Unexpected operator
Target not created
Build target 'Target 1'
assembling BL.EN.U4CSE18083.s...
BL.EN.U4CSE18083.s(11): error: A1477W: This register combination results in UNPREDICTABLE behaviour
BL.EN.U4CSE18083.s(13): error: A1150E: Bad symbol, not defined or external
BL.EN.U4CSE18083.s(16): error: A1477W: This register combination results in UNPREDICTABLE behaviour
BL.EN.U4CSE18083.s(18): error: A1150E: Bad symbol, not defined or external
BL.EN.U4CSE18083.s(21): error: A1163E: Unknown opcode r3,r4 , expecting opcode or Macro
BL.EN.U4CSE18083.s(22): error: A1163E: Unknown opcode loopgreaterthan , expecting opcode or Macro
BL.EN.U4CSE18083.s(23): error: A1163E: Unknown opcode looplesserthan , expecting opcode or Macro
BL.EN.U4CSE18083.s(24): error: A1163E: Unknown opcode loopequals , expecting opcode or Macro
BL.EN.U4CSE18083.s(26): error: A1150E: Bad symbol, not defined or external
BL.EN.U4CSE18083.s(29): error: A1150E: Bad symbol, not defined or external
BL.EN.U4CSE18083.s(32): error: A1150E: Bad symbol, not defined or external
Target not created
Build target 'Target 1'
assembling BL.EN.U4CSE18083.s...
BL.EN.U4CSE18083.s(15): error: A1150E: Bad symbol, not defined or external
BL.EN.U4CSE18083.s(20): error: A1150E: Bad symbol, not defined or external
BL.EN.U4CSE18083.s(23): error: A1163E: Unknown opcode r3,r4 , expecting opcode or Macro
BL.EN.U4CSE18083.s(24): error: A1163E: Unknown opcode loopgreaterthan , expecting opcode or Macro
BL.EN.U4CSE18083.s(25): error: A1163E: Unknown opcode looplesserthan , expecting opcode or Macro
BL.EN.U4CSE18083.s(26): error: A1163E: Unknown opcode loopequals , expecting opcode or Macro
BL.EN.U4CSE18083.s(28): error: A1150E: Bad symbol, not defined or external
BL.EN.U4CSE18083.s(31): error: A1150E: Bad symbol, not defined or external
BL.EN.U4CSE18083.s(34): error: A1150E: Bad symbol, not defined or external
Target not created
Build target 'Target 1'
assembling BL.EN.U4CSE18083.s...
BL.EN.U4CSE18083.s(15): error: A1150E: Bad symbol, not defined or external
BL.EN.U4CSE18083.s(20): error: A1150E: Bad symbol, not defined or external
BL.EN.U4CSE18083.s(23): error: A1163E: Unknown opcode r3,r4 , expecting opcode or Macro
BL.EN.U4CSE18083.s(24): error: A1163E: Unknown opcode loopgreaterthan , expecting opcode or Macro
BL.EN.U4CSE18083.s(25): error: A1163E: Unknown opcode looplesserthan , expecting opcode or Macro
BL.EN.U4CSE18083.s(26): error: A1163E: Unknown opcode loopequals , expecting opcode or Macro
BL.EN.U4CSE18083.s(28): error: A1150E: Bad symbol, not defined or external
BL.EN.U4CSE18083.s(31): error: A1150E: Bad symbol, not defined or external
BL.EN.U4CSE18083.s(34): error: A1150E: Bad symbol, not defined or external
Target not created
Build target 'Target 1'
assembling BL.EN.U4CSE18083.s...
BL.EN.U4CSE18083.s(15): error: A1150E: Bad symbol, not defined or external
BL.EN.U4CSE18083.s(20): error: A1150E: Bad symbol, not defined or external
BL.EN.U4CSE18083.s(23): error: A1163E: Unknown opcode r3,r4 , expecting opcode or Macro
BL.EN.U4CSE18083.s(24): error: A1163E: Unknown opcode loopgreaterthan , expecting opcode or Macro
BL.EN.U4CSE18083.s(25): error: A1163E: Unknown opcode looplesserthan , expecting opcode or Macro
BL.EN.U4CSE18083.s(26): error: A1163E: Unknown opcode loopequals , expecting opcode or Macro
BL.EN.U4CSE18083.s(28): error: A1150E: Bad symbol, not defined or external
BL.EN.U4CSE18083.s(31): error: A1150E: Bad symbol, not defined or external
BL.EN.U4CSE18083.s(34): error: A1150E: Bad symbol, not defined or external
Target not created
Build target 'Target 1'
assembling BL.EN.U4CSE18083.s...
BL.EN.U4CSE18083.s(23): error: A1163E: Unknown opcode r3,r4 , expecting opcode or Macro
BL.EN.U4CSE18083.s(24): error: A1163E: Unknown opcode loopgreaterthan , expecting opcode or Macro
BL.EN.U4CSE18083.s(25): error: A1163E: Unknown opcode looplesserthan , expecting opcode or Macro
BL.EN.U4CSE18083.s(26): error: A1163E: Unknown opcode loopequals , expecting opcode or Macro
BL.EN.U4CSE18083.s(28): error: A1150E: Bad symbol, not defined or external
BL.EN.U4CSE18083.s(31): error: A1150E: Bad symbol, not defined or external
BL.EN.U4CSE18083.s(34): error: A1150E: Bad symbol, not defined or external
Target not created
Build target 'Target 1'
assembling BL.EN.U4CSE18083.s...
BL.EN.U4CSE18083.s(24): error: A1163E: Unknown opcode loopgreaterthan , expecting opcode or Macro
BL.EN.U4CSE18083.s(25): error: A1163E: Unknown opcode looplesserthan , expecting opcode or Macro
BL.EN.U4CSE18083.s(26): error: A1163E: Unknown opcode loopequals , expecting opcode or Macro
BL.EN.U4CSE18083.s(28): error: A1150E: Bad symbol, not defined or external
BL.EN.U4CSE18083.s(31): error: A1150E: Bad symbol, not defined or external
BL.EN.U4CSE18083.s(34): error: A1150E: Bad symbol, not defined or external
Target not created
Build target 'Target 1'
assembling BL.EN.U4CSE18083.s...
BL.EN.U4CSE18083.s(28): error: A1150E: Bad symbol, not defined or external
BL.EN.U4CSE18083.s(31): error: A1150E: Bad symbol, not defined or external
BL.EN.U4CSE18083.s(34): error: A1150E: Bad symbol, not defined or external
Target not created
Build target 'Target 1'
assembling BL.EN.U4CSE18083.s...
BL.EN.U4CSE18083.s(28): error: A1150E: Bad symbol, not defined or external
BL.EN.U4CSE18083.s(31): error: A1150E: Bad symbol, not defined or external
BL.EN.U4CSE18083.s(34): error: A1150E: Bad symbol, not defined or external
Target not created
Build target 'Target 1'
assembling BL.EN.U4CSE18083.s...
BL.EN.U4CSE18083.s(28): error: A1150E: Bad symbol, not defined or external
BL.EN.U4CSE18083.s(29): error: A1163E: Unknown opcode exit1 , expecting opcode or Macro
BL.EN.U4CSE18083.s(31): error: A1150E: Bad symbol, not defined or external
BL.EN.U4CSE18083.s(32): error: A1163E: Unknown opcode exit2 , expecting opcode or Macro
BL.EN.U4CSE18083.s(34): error: A1150E: Bad symbol, not defined or external
BL.EN.U4CSE18083.s(35): error: A1163E: Unknown opcode exit3 , expecting opcode or Macro
Target not created
Build target 'Target 1'
assembling BL.EN.U4CSE18083.s...
BL.EN.U4CSE18083.s(29): error: A1150E: Bad symbol, not defined or external
BL.EN.U4CSE18083.s(32): error: A1150E: Bad symbol, not defined or external
BL.EN.U4CSE18083.s(35): error: A1150E: Bad symbol, not defined or external
Target not created
Build target 'Target 1'
assembling BL.EN.U4CSE18083.s...
linking...
Program Size: Code=108 RO-data=12 RW-data=0 ZI-data=0  
"compareTwoStrings.axf" - 0 Error(s), 0 Warning(s).
Build target 'Target 1'
assembling BL.EN.U4CSE18083.s...
linking...
Program Size: Code=108 RO-data=12 RW-data=0 ZI-data=0  
"compareTwoStrings.axf" - 0 Error(s), 0 Warning(s).
Build target 'Target 1'
assembling BL.EN.U4CSE18083.s...
linking...
Program Size: Code=108 RO-data=8 RW-data=0 ZI-data=0  
"compareTwoStrings.axf" - 0 Error(s), 0 Warning(s).
