ARM Linker, RVCT4.0 [Build 524] for uVision [Evaluation]

==============================================================================

Section Cross References

    bl.en.u4cse18083.o(pgm) refers to bl.en.u4cse18083.o(dat) for array
    bl.en.u4cse18083.o(pgm) refers to bl.en.u4cse18083.o(res) for biggest


==============================================================================

Image Symbol Table

    Local Symbols

    Symbol Name                              Value     Ov Type        Size  Object(Section)

    pgm                                      0x00000000   Section       88  bl.en.u4cse18083.o(pgm)
    BL.EN.U4CSE18083.s                       0x00000000   Number         0  bl.en.u4cse18083.o ABSOLUTE
    dat                                      0x00000058   Section       20  bl.en.u4cse18083.o(dat)
    array                                    0x00000058   Data          16  bl.en.u4cse18083.o(dat)
    len                                      0x00000068   Data           4  bl.en.u4cse18083.o(dat)
    res                                      0x40000000   Section        4  bl.en.u4cse18083.o(res)
    biggest                                  0x40000000   Data           4  bl.en.u4cse18083.o(res)

    Global Symbols

    Symbol Name                              Value     Ov Type        Size  Object(Section)

    BuildAttributes$$THM_ISAv1$ARM_ISAv4$S$PE$A:L22$X:L11$S22$IEEE1$IW$USESV6$~STKCKD$USESV7$~SHL$OSPACE$EBA8$STANDARDLIB$PRES8$EABIv2 0x00000000   Number         0  anon$$obj.o ABSOLUTE



==============================================================================

Memory Map of the image

  Image Entry point : 0x00000000

  Load Region LR_1 (Base: 0x00000000, Size: 0x00000070, Max: 0xffffffff, ABSOLUTE)

    Execution Region ER_RO (Base: 0x00000000, Size: 0x0000006c, Max: 0xffffffff, ABSOLUTE)

    Base Addr    Size         Type   Attr      Idx    E Section Name        Object

    0x00000000   0x00000058   Code   RO            3  * pgm                 bl.en.u4cse18083.o
    0x00000058   0x00000014   Data   RO            1    dat                 bl.en.u4cse18083.o


    Execution Region ER_RW (Base: 0x40000000, Size: 0x00000004, Max: 0xffffffff, ABSOLUTE)

    Base Addr    Size         Type   Attr      Idx    E Section Name        Object

    0x40000000   0x00000004   Data   RW            2    res                 bl.en.u4cse18083.o


    Execution Region ER_ZI (Base: 0x40000004, Size: 0x00000000, Max: 0xffffffff, ABSOLUTE)

    **** No section assigned to this execution region ****


==============================================================================

Image component sizes


      Code (inc. data)   RO Data    RW Data    ZI Data      Debug   Object Name

        88         12         20          4          0        224   bl.en.u4cse18083.o

    ----------------------------------------------------------------------
        88         12         20          4          0        224   Object Totals
         0          0          0          0          0          0   (incl. Generated)
         0          0          0          0          0          0   (incl. Padding)

    ----------------------------------------------------------------------
         0          0          0          0          0          0   Library Totals
         0          0          0          0          0          0   (incl. Padding)

    ----------------------------------------------------------------------

==============================================================================


      Code (inc. data)   RO Data    RW Data    ZI Data      Debug   

        88         12         20          4          0        224   Grand Totals
        88         12         20          4          0        224   ELF Image Totals
        88         12         20          4          0          0   ROM Totals

==============================================================================

    Total RO  Size (Code + RO Data)                  108 (   0.11kB)
    Total RW  Size (RW Data + ZI Data)                 4 (   0.00kB)
    Total ROM Size (Code + RO Data + RW Data)        112 (   0.11kB)

==============================================================================

