<html>
<body>
<pre>
<h1>µVision Build Log</h1>
<h2>Project:</h2>
C:\ARM Projects\StoringOneValueIntoTheMemory\storingavalueintothememory.uvproj
Project File Date:  05/08/2020

<h2>Output:</h2>
Build target 'Target 1'
assembling mem.s...
mem.s(14): warning: A1447W: Missing END directive at end of file, but found a label named END
linking...
Program Size: Code=28 RO-data=4 RW-data=4 ZI-data=0  
"storingavalueintothememory.axf" - 0 Error(s), 1 Warning(s).
Build target 'Target 1'
assembling mem.s...
linking...
Program Size: Code=28 RO-data=4 RW-data=4 ZI-data=0  
"storingavalueintothememory.axf" - 0 Error(s), 0 Warning(s).
