<html>
<body>
<pre>
<h1>µVision Build Log</h1>
<h2>Project:</h2>
C:\ARM Projects\replaceCharactersInaString\replaceCharactersInaString.uvproj
Project File Date:  06/08/2020

<h2>Output:</h2>
Build target 'Target 1'
assembling BL.EN.U4CSE18083.s...
BL.EN.U4CSE18083.s(15): error: A1150E: Bad symbol, not defined or external
BL.EN.U4CSE18083.s(17): error: A1114E: Expected register relative expression
BL.EN.U4CSE18083.s(22): error: A1152E: Unexpected operator
Target not created
Build target 'Target 1'
assembling BL.EN.U4CSE18083.s...
BL.EN.U4CSE18083.s(17): error: A1114E: Expected register relative expression
BL.EN.U4CSE18083.s(22): error: A1152E: Unexpected operator
Target not created
Build target 'Target 1'
assembling BL.EN.U4CSE18083.s...
linking...
Program Size: Code=88 RO-data=12 RW-data=12 ZI-data=0  
"replaceCharactersInaString.axf" - 0 Error(s), 0 Warning(s).
Build target 'Target 1'
assembling BL.EN.U4CSE18083.s...
linking...
Program Size: Code=68 RO-data=12 RW-data=12 ZI-data=0  
"replaceCharactersInaString.axf" - 0 Error(s), 0 Warning(s).
Build target 'Target 1'
assembling BL.EN.U4CSE18083.s...
linking...
Program Size: Code=76 RO-data=12 RW-data=12 ZI-data=0  
"replaceCharactersInaString.axf" - 0 Error(s), 0 Warning(s).
Build target 'Target 1'
assembling BL.EN.U4CSE18083.s...
linking...
Program Size: Code=76 RO-data=12 RW-data=12 ZI-data=0  
"replaceCharactersInaString.axf" - 0 Error(s), 0 Warning(s).
Build target 'Target 1'
assembling BL.EN.U4CSE18083.s...
BL.EN.U4CSE18083.s(13): error: A1150E: Bad symbol, not defined or external
Target not created
Build target 'Target 1'
assembling BL.EN.U4CSE18083.s...
BL.EN.U4CSE18083.s(13): error: A1110E: Expected constant expression
Target not created
Build target 'Target 1'
assembling BL.EN.U4CSE18083.s...
BL.EN.U4CSE18083.s(13): error: A1190E: Unexpected '['
Target not created
Build target 'Target 1'
assembling BL.EN.U4CSE18083.s...
BL.EN.U4CSE18083.s(13): error: A1190E: Unexpected '['
Target not created
Build target 'Target 1'
assembling BL.EN.U4CSE18083.s...
linking...
Program Size: Code=76 RO-data=12 RW-data=12 ZI-data=0  
"replaceCharactersInaString.axf" - 0 Error(s), 0 Warning(s).
Build target 'Target 1'
assembling BL.EN.U4CSE18083.s...
linking...
Program Size: Code=84 RO-data=12 RW-data=12 ZI-data=0  
"replaceCharactersInaString.axf" - 0 Error(s), 0 Warning(s).
Build target 'Target 1'
assembling BL.EN.U4CSE18083.s...
linking...
Program Size: Code=84 RO-data=12 RW-data=12 ZI-data=0  
"replaceCharactersInaString.axf" - 0 Error(s), 0 Warning(s).
Build target 'Target 1'
assembling BL.EN.U4CSE18083.s...
linking...
Program Size: Code=76 RO-data=12 RW-data=12 ZI-data=0  
"replaceCharactersInaString.axf" - 0 Error(s), 0 Warning(s).
Build target 'Target 1'
assembling BL.EN.U4CSE18083.s...
linking...
Program Size: Code=68 RO-data=12 RW-data=12 ZI-data=0  
"replaceCharactersInaString.axf" - 0 Error(s), 0 Warning(s).
Build target 'Target 1'
assembling BL.EN.U4CSE18083.s...
linking...
Program Size: Code=68 RO-data=12 RW-data=12 ZI-data=0  
"replaceCharactersInaString.axf" - 0 Error(s), 0 Warning(s).
Build target 'Target 1'
assembling BL.EN.U4CSE18083.s...
linking...
Program Size: Code=68 RO-data=12 RW-data=12 ZI-data=0  
"replaceCharactersInaString.axf" - 0 Error(s), 0 Warning(s).
Build target 'Target 1'
assembling BL.EN.U4CSE18083.s...
BL.EN.U4CSE18083.s(13): error: A1110E: Expected constant expression
Target not created
Build target 'Target 1'
assembling BL.EN.U4CSE18083.s...
BL.EN.U4CSE18083.s(14): error: A1150E: Bad symbol, not defined or external
BL.EN.U4CSE18083.s(14): error: A1150E: Bad symbol, not defined or external
BL.EN.U4CSE18083.s(22): error: A1150E: Bad symbol, not defined or external
BL.EN.U4CSE18083.s(22): error: A1150E: Bad symbol, not defined or external
Target not created
Build target 'Target 1'
assembling BL.EN.U4CSE18083.s...
BL.EN.U4CSE18083.s(14): error: A1147E: Bad shift name
BL.EN.U4CSE18083.s(22): error: A1147E: Bad shift name
Target not created
Build target 'Target 1'
assembling BL.EN.U4CSE18083.s...
BL.EN.U4CSE18083.s(14): error: A1137E: Unexpected characters at end of line
BL.EN.U4CSE18083.s(22): error: A1137E: Unexpected characters at end of line
Target not created
Build target 'Target 1'
assembling BL.EN.U4CSE18083.s...
linking...
Program Size: Code=76 RO-data=12 RW-data=12 ZI-data=0  
"replaceCharactersInaString.axf" - 0 Error(s), 0 Warning(s).
Build target 'Target 1'
assembling BL.EN.U4CSE18083.s...
BL.EN.U4CSE18083.s(4): error: A1152E: Unexpected operator
Target not created
Build target 'Target 1'
assembling BL.EN.U4CSE18083.s...
linking...
Program Size: Code=76 RO-data=12 RW-data=0 ZI-data=0  
"replaceCharactersInaString.axf" - 0 Error(s), 0 Warning(s).
Build target 'Target 1'
assembling BL.EN.U4CSE18083.s...
linking...
Program Size: Code=68 RO-data=12 RW-data=0 ZI-data=0  
"replaceCharactersInaString.axf" - 0 Error(s), 0 Warning(s).
Build target 'Target 1'
assembling BL.EN.U4CSE18083.s...
linking...
Program Size: Code=68 RO-data=12 RW-data=0 ZI-data=0  
"replaceCharactersInaString.axf" - 0 Error(s), 0 Warning(s).
Build target 'Target 1'
assembling BL.EN.U4CSE18083.s...
linking...
Program Size: Code=68 RO-data=12 RW-data=0 ZI-data=0  
"replaceCharactersInaString.axf" - 0 Error(s), 0 Warning(s).
Build target 'Target 1'
assembling BL.EN.U4CSE18083.s...
linking...
Program Size: Code=52 RO-data=12 RW-data=0 ZI-data=0  
"replaceCharactersInaString.axf" - 0 Error(s), 0 Warning(s).
Build target 'Target 1'
assembling BL.EN.U4CSE18083.s...
linking...
Program Size: Code=60 RO-data=12 RW-data=0 ZI-data=0  
"replaceCharactersInaString.axf" - 0 Error(s), 0 Warning(s).
Build target 'Target 1'
assembling BL.EN.U4CSE18083.s...
linking...
Program Size: Code=68 RO-data=12 RW-data=0 ZI-data=0  
"replaceCharactersInaString.axf" - 0 Error(s), 0 Warning(s).
