<html>
<body>
<pre>
<h1>µVision Build Log</h1>
<h2>Project:</h2>
C:\ARM Projects\addNByteNumbersAndStoreResult\addNByteNumbersAndStoreResult.uvproj
Project File Date:  06/08/2020

<h2>Output:</h2>
Build target 'Target 1'
linking...
Program Size: Code=72 RO-data=12 RW-data=4 ZI-data=0  
"addNByteNumbersAndStoreResult.axf" - 0 Error(s), 0 Warning(s).
Build target 'Target 1'
assembling BL.EN.U4CSE18083.s...
linking...
Program Size: Code=72 RO-data=12 RW-data=4 ZI-data=0  
"addNByteNumbersAndStoreResult.axf" - 0 Error(s), 0 Warning(s).
Build target 'Target 1'
linking...
Program Size: Code=72 RO-data=12 RW-data=4 ZI-data=0  
"addNByteNumbersAndStoreResult.axf" - 0 Error(s), 0 Warning(s).
Build target 'Target 1'
assembling BL.EN.U4CSE18083.s...
BL.EN.U4CSE18083.s(13): error: A1150E: Bad symbol, not defined or external
Target not created
Build target 'Target 1'
assembling BL.EN.U4CSE18083.s...
linking...
Program Size: Code=76 RO-data=12 RW-data=4 ZI-data=0  
"addNByteNumbersAndStoreResult.axf" - 0 Error(s), 0 Warning(s).
