ARM Linker, RVCT4.0 [Build 524] for uVision [Evaluation]

==============================================================================

Section Cross References

    bl.en.u4cse18083.o(pgm) refers to bl.en.u4cse18083.o(res) for result
    bl.en.u4cse18083.o(pgm) refers to bl.en.u4cse18083.o(dat) for src1


==============================================================================

Image Symbol Table

    Local Symbols

    Symbol Name                              Value     Ov Type        Size  Object(Section)

    pgm                                      0x00000000   Section       76  bl.en.u4cse18083.o(pgm)
    BL.EN.U4CSE18083.s                       0x00000000   Number         0  bl.en.u4cse18083.o ABSOLUTE
    dat                                      0x0000004c   Section        9  bl.en.u4cse18083.o(dat)
    src1                                     0x0000004c   Data           4  bl.en.u4cse18083.o(dat)
    src2                                     0x00000050   Data           4  bl.en.u4cse18083.o(dat)
    n                                        0x00000054   Data           1  bl.en.u4cse18083.o(dat)
    res                                      0x40000000   Section        4  bl.en.u4cse18083.o(res)
    result                                   0x40000000   Data           4  bl.en.u4cse18083.o(res)

    Global Symbols

    Symbol Name                              Value     Ov Type        Size  Object(Section)

    BuildAttributes$$THM_ISAv1$ARM_ISAv4$S$PE$A:L22$X:L11$S22$IEEE1$IW$USESV6$~STKCKD$USESV7$~SHL$OSPACE$EBA8$STANDARDLIB$PRES8$EABIv2 0x00000000   Number         0  anon$$obj.o ABSOLUTE



==============================================================================

Memory Map of the image

  Image Entry point : 0x00000000

  Load Region LR_1 (Base: 0x00000000, Size: 0x0000005c, Max: 0xffffffff, ABSOLUTE)

    Execution Region ER_RO (Base: 0x00000000, Size: 0x00000058, Max: 0xffffffff, ABSOLUTE)

    Base Addr    Size         Type   Attr      Idx    E Section Name        Object

    0x00000000   0x0000004c   Code   RO            3  * pgm                 bl.en.u4cse18083.o
    0x0000004c   0x00000009   Data   RO            1    dat                 bl.en.u4cse18083.o


    Execution Region ER_RW (Base: 0x40000000, Size: 0x00000004, Max: 0xffffffff, ABSOLUTE)

    Base Addr    Size         Type   Attr      Idx    E Section Name        Object

    0x40000000   0x00000004   Data   RW            2    res                 bl.en.u4cse18083.o


    Execution Region ER_ZI (Base: 0x40000004, Size: 0x00000000, Max: 0xffffffff, ABSOLUTE)

    **** No section assigned to this execution region ****


==============================================================================

Image component sizes


      Code (inc. data)   RO Data    RW Data    ZI Data      Debug   Object Name

        76         16          9          4          0        228   bl.en.u4cse18083.o

    ----------------------------------------------------------------------
        76         16         12          4          0        228   Object Totals
         0          0          0          0          0          0   (incl. Generated)
         0          0          3          0          0          0   (incl. Padding)

    ----------------------------------------------------------------------
         0          0          0          0          0          0   Library Totals
         0          0          0          0          0          0   (incl. Padding)

    ----------------------------------------------------------------------

==============================================================================


      Code (inc. data)   RO Data    RW Data    ZI Data      Debug   

        76         16         12          4          0        228   Grand Totals
        76         16         12          4          0        228   ELF Image Totals
        76         16         12          4          0          0   ROM Totals

==============================================================================

    Total RO  Size (Code + RO Data)                   88 (   0.09kB)
    Total RW  Size (RW Data + ZI Data)                 4 (   0.00kB)
    Total ROM Size (Code + RO Data + RW Data)         92 (   0.09kB)

==============================================================================

