


ARM Macro Assembler    Page 1 


    1 00000000                 AREA             dat, DATA, READONLY
    2 00000000 00000023 
              000000DA 
              00000044 
              0000005A n       dcd              0x23, 0xDA, 0x44, 0x5A
    3 00000010 00000004 
                       len     dcd              4
    4 00000014                 AREA             res, DATA, READWRITE
    5 00000000 00000000 
                       result  dcd              0x00
    6 00000004 00000000 
                       src1    dcd              0x00
    7 00000008 00000000 
                       src2    dcd              0x00
    8 0000000C                 AREA             pgm, CODE, READONLY
    9 00000000 E59F003C        ldr              r0, =n
   10 00000004 E59F103C        ldr              r1, =len
   11 00000008 E59F203C        ldr              r2, =result
   12 0000000C E59F303C        ldr              r3, =src1
   13 00000010 E59F403C        ldr              r4, =src2
   14 00000014 E5911000        ldr              r1,[r1]
   15 00000018 E5903000 
                       loop    ldr              r3, [r0]
   16 0000001C E2800004        add              r0,r0,#4
   17 00000020 E5904000        ldr              r4, [r0]
   18 00000024 E0836004        add              r6,r3,r4
   19 00000028 E0877006        add              r7, r7, r6
   20 0000002C E5827000        str              r7,[r2]
   21 00000030 E2800004        add              r0,r0,#4
   22 00000034 E2411002        sub              r1,r1,#2
   23 00000038 E3510000        cmp              r1,#0
   24 0000003C 1AFFFFF5        bne              loop
   25 00000040 EAFFFFFE 
                       e       b                e
   26 00000044                 end
              00000000 
              00000000 
              00000000 
              00000000 
              00000000 
Command Line: --debug --xref --device=DARMP --apcs=interwork -oBL.EN.U4CSE18083
.o -IC:\Keil\ARM\INC\Philips --predefine="__EVAL SETA 1" --list=BL.EN.U4CSE1808
3.lst BL.EN.U4CSE18083.s



ARM Macro Assembler    Page 1 Alphabetic symbol ordering
Relocatable symbols

dat 00000000

Symbol: dat
   Definitions
      At line 1 in file BL.EN.U4CSE18083.s
   Uses
      None
Comment: dat unused
len 00000010

Symbol: len
   Definitions
      At line 3 in file BL.EN.U4CSE18083.s
   Uses
      At line 10 in file BL.EN.U4CSE18083.s
Comment: len used once
n 00000000

Symbol: n
   Definitions
      At line 2 in file BL.EN.U4CSE18083.s
   Uses
      At line 9 in file BL.EN.U4CSE18083.s
Comment: n used once
3 symbols



ARM Macro Assembler    Page 1 Alphabetic symbol ordering
Relocatable symbols

res 00000000

Symbol: res
   Definitions
      At line 4 in file BL.EN.U4CSE18083.s
   Uses
      None
Comment: res unused
result 00000000

Symbol: result
   Definitions
      At line 5 in file BL.EN.U4CSE18083.s
   Uses
      At line 11 in file BL.EN.U4CSE18083.s
Comment: result used once
src1 00000004

Symbol: src1
   Definitions
      At line 6 in file BL.EN.U4CSE18083.s
   Uses
      At line 12 in file BL.EN.U4CSE18083.s
Comment: src1 used once
src2 00000008

Symbol: src2
   Definitions
      At line 7 in file BL.EN.U4CSE18083.s
   Uses
      At line 13 in file BL.EN.U4CSE18083.s
Comment: src2 used once
4 symbols



ARM Macro Assembler    Page 1 Alphabetic symbol ordering
Relocatable symbols

e 00000040

Symbol: e
   Definitions
      At line 25 in file BL.EN.U4CSE18083.s
   Uses
      At line 25 in file BL.EN.U4CSE18083.s
Comment: e used once
loop 00000018

Symbol: loop
   Definitions
      At line 15 in file BL.EN.U4CSE18083.s
   Uses
      At line 24 in file BL.EN.U4CSE18083.s
Comment: loop used once
pgm 00000000

Symbol: pgm
   Definitions
      At line 8 in file BL.EN.U4CSE18083.s
   Uses
      None
Comment: pgm unused
3 symbols
332 symbols in table
