<html>
<body>
<pre>
<h1>µVision Build Log</h1>
<h2>Project:</h2>
C:\ARM Projects\findingNumberOfOnes\findingNumberOfOnes.uvproj
Project File Date:  06/08/2020

<h2>Output:</h2>
Build target 'Target 1'
assembling BL.EN.U4CSE18083.S...
BL.EN.U4CSE18083.S(6): error: A1114E: Expected register relative expression
BL.EN.U4CSE18083.S(7): error: A1114E: Expected register relative expression
Target not created
Build target 'Target 1'
assembling BL.EN.U4CSE18083.S...
BL.EN.U4CSE18083.S(6): error: A1152E: Unexpected operator
BL.EN.U4CSE18083.S(7): error: A1152E: Unexpected operator
Target not created
Build target 'Target 1'
assembling BL.EN.U4CSE18083.S...
BL.EN.U4CSE18083.S(6): error: A1152E: Unexpected operator
BL.EN.U4CSE18083.S(7): error: A1152E: Unexpected operator
Target not created
Build target 'Target 1'
assembling BL.EN.U4CSE18083.S...
linking...
Program Size: Code=32 RO-data=4 RW-data=0 ZI-data=0  
"findingNumberOfOnes.axf" - 0 Error(s), 0 Warning(s).
Build target 'Target 1'
assembling BL.EN.U4CSE18083.S...
linking...
Program Size: Code=40 RO-data=4 RW-data=0 ZI-data=0  
"findingNumberOfOnes.axf" - 0 Error(s), 0 Warning(s).
Build target 'Target 1'
assembling BL.EN.U4CSE18083.S...
linking...
Program Size: Code=40 RO-data=4 RW-data=0 ZI-data=0  
"findingNumberOfOnes.axf" - 0 Error(s), 0 Warning(s).
Build target 'Target 1'
assembling BL.EN.U4CSE18083.S...
linking...
Program Size: Code=40 RO-data=4 RW-data=0 ZI-data=0  
"findingNumberOfOnes.axf" - 0 Error(s), 0 Warning(s).
Build target 'Target 1'
assembling BL.EN.U4CSE18083.S...
linking...
Program Size: Code=40 RO-data=4 RW-data=0 ZI-data=0  
"findingNumberOfOnes.axf" - 0 Error(s), 0 Warning(s).
Build target 'Target 1'
assembling BL.EN.U4CSE18083.S...
linking...
Program Size: Code=40 RO-data=4 RW-data=0 ZI-data=0  
"findingNumberOfOnes.axf" - 0 Error(s), 0 Warning(s).
Build target 'Target 1'
assembling BL.EN.U4CSE18083.S...
linking...
Program Size: Code=40 RO-data=4 RW-data=0 ZI-data=0  
"findingNumberOfOnes.axf" - 0 Error(s), 0 Warning(s).
Build target 'Target 1'
assembling BL.EN.U4CSE18083.S...
linking...
Program Size: Code=40 RO-data=4 RW-data=0 ZI-data=0  
"findingNumberOfOnes.axf" - 0 Error(s), 0 Warning(s).
Build target 'Target 1'
assembling BL.EN.U4CSE18083.S...
linking...
Program Size: Code=40 RO-data=4 RW-data=0 ZI-data=0  
"findingNumberOfOnes.axf" - 0 Error(s), 0 Warning(s).
Build target 'Target 1'
assembling BL.EN.U4CSE18083.S...
linking...
Program Size: Code=40 RO-data=4 RW-data=0 ZI-data=0  
"findingNumberOfOnes.axf" - 0 Error(s), 0 Warning(s).
Build target 'Target 1'
assembling BL.EN.U4CSE18083.S...
linking...
Program Size: Code=40 RO-data=4 RW-data=0 ZI-data=0  
"findingNumberOfOnes.axf" - 0 Error(s), 0 Warning(s).
Build target 'Target 1'
assembling BL.EN.U4CSE18083.S...
linking...
Program Size: Code=40 RO-data=4 RW-data=0 ZI-data=0  
"findingNumberOfOnes.axf" - 0 Error(s), 0 Warning(s).
Build target 'Target 1'
assembling BL.EN.U4CSE18083.S...
linking...
Program Size: Code=40 RO-data=4 RW-data=0 ZI-data=0  
"findingNumberOfOnes.axf" - 0 Error(s), 0 Warning(s).
Build target 'Target 1'
assembling BL.EN.U4CSE18083.S...
linking...
Program Size: Code=40 RO-data=4 RW-data=0 ZI-data=0  
"findingNumberOfOnes.axf" - 0 Error(s), 0 Warning(s).
Build target 'Target 1'
assembling BL.EN.U4CSE18083.S...
linking...
Program Size: Code=40 RO-data=4 RW-data=0 ZI-data=0  
"findingNumberOfOnes.axf" - 0 Error(s), 0 Warning(s).
Build target 'Target 1'
assembling BL.EN.U4CSE18083.S...
linking...
Program Size: Code=40 RO-data=4 RW-data=0 ZI-data=0  
"findingNumberOfOnes.axf" - 0 Error(s), 0 Warning(s).
