<html>
<body>
<pre>
<h1>µVision Build Log</h1>
<h2>Project:</h2>
C:\ARM Projects\1's complement\1's complement.uvproj
Project File Date:  05/07/2020

<h2>Output:</h2>
Build target 'Target 1'
Target has no object modules
Target not created
Build target 'Target 1'
assembling complement.s...
complement.s(2): error: A1151E: Bad register name symbol
complement.s(3): error: A1150E: Bad symbol, not defined or external
Target not created
Build target 'Target 1'
assembling complement.s...
complement.s(2): error: A1151E: Bad register name symbol
Target not created
Build target 'Target 1'
assembling complement.s...
linking...
Program Size: Code=4 RO-data=0 RW-data=0 ZI-data=0  
"1's complement.axf" - 0 Error(s), 0 Warning(s).
Build target 'Target 1'
assembling complement.s...
linking...
Program Size: Code=4 RO-data=0 RW-data=0 ZI-data=0  
"1's complement.axf" - 0 Error(s), 0 Warning(s).
Build target 'Target 1'
assembling complement.s...
linking...
Program Size: Code=4 RO-data=0 RW-data=0 ZI-data=0  
"1's complement.axf" - 0 Error(s), 0 Warning(s).
Build target 'Target 1'
assembling complement.s...
linking...
Program Size: Code=4 RO-data=0 RW-data=0 ZI-data=0  
"1's complement.axf" - 0 Error(s), 0 Warning(s).
Build target 'Target 1'
assembling complement.s...
linking...
Program Size: Code=4 RO-data=0 RW-data=0 ZI-data=0  
"1's complement.axf" - 0 Error(s), 0 Warning(s).
